set search_path to rpt_test;
--
-- SELECT_INTO
--
SELECT *
   INTO TABLE tmp1
   FROM onek
   WHERE onek.unique1 < 2;
NOTICE:  Table doesn't have 'DISTRIBUTED BY' clause -- Using column(s) named 'unique1' as the Greenplum Database data distribution key for this table.
HINT:  The 'DISTRIBUTED BY' clause determines the distribution of data. Make sure column(s) chosen are the optimal data distribution key to minimize skew.
DROP TABLE tmp1;
SELECT *
   INTO TABLE tmp1
   FROM onek2
   WHERE onek2.unique1 < 2;
NOTICE:  Table doesn't have 'DISTRIBUTED BY' clause -- Using column(s) named 'unique1' as the Greenplum Database data distribution key for this table.
HINT:  The 'DISTRIBUTED BY' clause determines the distribution of data. Make sure column(s) chosen are the optimal data distribution key to minimize skew.
DROP TABLE tmp1;
