-- reset the GUC and restart cluster.
-- start_ignore
! gpconfig -r gp_resource_manager;
20170426:02:19:38:014092 gpconfig:sdw6:gpadmin-[INFO]:-completed successfully

! gpstop -rai;
20170426:02:19:38:014167 gpstop:sdw6:gpadmin-[INFO]:-Starting gpstop with args: -rai
20170426:02:19:38:014167 gpstop:sdw6:gpadmin-[INFO]:-Gathering information and validating the environment...
20170426:02:19:38:014167 gpstop:sdw6:gpadmin-[INFO]:-Obtaining Greenplum Master catalog information
20170426:02:19:38:014167 gpstop:sdw6:gpadmin-[INFO]:-Obtaining Segment details from master...
20170426:02:19:38:014167 gpstop:sdw6:gpadmin-[INFO]:-Greenplum Version: 'postgres (Greenplum Database) 5.0.0-alpha.1+dev.100.g5716465 build dev'
20170426:02:19:38:014167 gpstop:sdw6:gpadmin-[INFO]:-There are 0 connections to the database
20170426:02:19:38:014167 gpstop:sdw6:gpadmin-[INFO]:-Commencing Master instance shutdown with mode='immediate'
20170426:02:19:38:014167 gpstop:sdw6:gpadmin-[INFO]:-Master host=sdw6
20170426:02:19:38:014167 gpstop:sdw6:gpadmin-[INFO]:-Commencing Master instance shutdown with mode=immediate
20170426:02:19:38:014167 gpstop:sdw6:gpadmin-[INFO]:-Master segment instance directory=/data1/tpz/gpdb/gpAux/gpdemo/datadirs/qddir/demoDataDir-1
20170426:02:19:39:014167 gpstop:sdw6:gpadmin-[INFO]:-Attempting forceful termination of any leftover master process
20170426:02:19:39:014167 gpstop:sdw6:gpadmin-[INFO]:-Terminating processes for segment /data1/tpz/gpdb/gpAux/gpdemo/datadirs/qddir/demoDataDir-1
20170426:02:19:39:014167 gpstop:sdw6:gpadmin-[INFO]:-No standby master host configured
20170426:02:19:39:014167 gpstop:sdw6:gpadmin-[INFO]:-Commencing parallel primary segment instance shutdown, please wait...
20170426:02:19:39:014167 gpstop:sdw6:gpadmin-[INFO]:-0.00% of jobs completed
20170426:02:19:49:014167 gpstop:sdw6:gpadmin-[INFO]:-100.00% of jobs completed
20170426:02:19:49:014167 gpstop:sdw6:gpadmin-[INFO]:-Commencing parallel mirror segment instance shutdown, please wait...
20170426:02:19:49:014167 gpstop:sdw6:gpadmin-[INFO]:-0.00% of jobs completed
20170426:02:19:59:014167 gpstop:sdw6:gpadmin-[INFO]:-100.00% of jobs completed
20170426:02:19:59:014167 gpstop:sdw6:gpadmin-[INFO]:-----------------------------------------------------
20170426:02:19:59:014167 gpstop:sdw6:gpadmin-[INFO]:-   Segments stopped successfully      = 6
20170426:02:19:59:014167 gpstop:sdw6:gpadmin-[INFO]:-   Segments with errors during stop   = 0
20170426:02:19:59:014167 gpstop:sdw6:gpadmin-[INFO]:-----------------------------------------------------
20170426:02:19:59:014167 gpstop:sdw6:gpadmin-[INFO]:-Successfully shutdown 6 of 6 segment instances 
20170426:02:19:59:014167 gpstop:sdw6:gpadmin-[INFO]:-Database successfully shutdown with no errors reported
20170426:02:19:59:014167 gpstop:sdw6:gpadmin-[INFO]:-Cleaning up leftover gpmmon process
20170426:02:19:59:014167 gpstop:sdw6:gpadmin-[INFO]:-No leftover gpmmon process found
20170426:02:19:59:014167 gpstop:sdw6:gpadmin-[INFO]:-Cleaning up leftover gpsmon processes
20170426:02:19:59:014167 gpstop:sdw6:gpadmin-[INFO]:-No leftover gpsmon processes on some hosts. not attempting forceful termination on these hosts
20170426:02:19:59:014167 gpstop:sdw6:gpadmin-[INFO]:-Cleaning up leftover shared memory
20170426:02:20:00:014167 gpstop:sdw6:gpadmin-[INFO]:-Restarting System...

-- end_ignore
